[package]
authors = ["CoBloX developers <team@coblox.tech>"]
name = "cnd"
version = "0.6.0"
edition = "2018"
description = "Reference implementation of a COMIT network daemon."

[dependencies]
ambassador = "0.2"
anyhow = "1"
async-trait = "0.1"
bigdecimal = "0.1.0"
bitcoin = { version = "0.23", features = ["use-serde"] }
blockchain_contracts = "0.3.1"
chrono = { version = "0.4", features = ["serde"] }
config = { version = "0.10", features = ["toml"], default-features = false }
derivative = "1"
diesel = { version = "1.4", features = ["sqlite", "chrono"] }
diesel_migrations = "1.4.0"
directories = "2.0"
ethbloom = "0.6.4"
fern = { version = "0.5", features = ["colored"] }
futures = { version = "0.1" }
futures-core = { version = "0.3", features = ["compat", "async-await"], default-features = false, package = "futures" }
genawaiter = "0.2"
hex = "0.4"
http-api-problem = { version = "0.15", features = ["with_warp"] }
impl-template = "1.0.0-alpha"
lazy_static = "1"
libp2p = { version = "0.13" }
libp2p-comit = { path = "../libp2p-comit" }
libsqlite3-sys = { version = ">=0.8.0, <0.13.0", features = ["bundled"] }
log = { version = "0.4", features = ["serde"] }
lru = "0.4.3"
num = "0.2"
paste = "0.1"
pem = "0.7"
rand = "0.7"
reqwest = { version = "0.10", default-features = false, features = ["json", "native-tls"] }
serde = { version = "1", features = ["derive"] }
serde_json = "1"
serdebug = "1"
sha2 = "0.8"
siren = { version = "0.2", package = "siren-types" }
structopt = "0.3"
strum = "0.17"
strum_macros = "0.17"
thiserror = "1"
tiny-keccak = { version = "2.0", features = ["keccak"] }
tokio = { version = "0.2", features = ["rt-core", "time", "macros", "sync"] }
tokio-compat = "0.1"
toml = "0.5"
tracing = "0.1"
tracing-core = "0.1"
tracing-log = "0.1"
tracing-subscriber = "0.2"
url = { version = "2", features = ["serde"] }
uuid = { version = "0.8", features = ["serde", "v4"] }
void = "1.0.2"
warp = { version = "0.2", default-features = false }

# These versions need to be "in sync".
# web3 0.8 gives us primitive-types 0.3.0
# primitive-types 0.3.0 with the "rlp" feature gives us "rlp" version 0.4.2
[dependencies.web3]
default-features = false
features = ["http"]
version = "0.8"
description = """
Lipsum is a lorem ipsum text generation library. Use this if you need
filler or dummy text for your application.

The text is generated using a simple Markov chain, which you can also
instantiate to generate your own pieces of pseudo-random text.
"""

[dependencies.primitive-types]
features = ["rlp"]
version = "0.3.0"

[dependencies.rlp]
version = "0.4.2"

[dev-dependencies]
base64 = "0.11"
bitcoincore-rpc = "0.9.0"
matches = "0.1.8"
quickcheck = "0.9.2"
regex = "1.3"
serde_urlencoded = "0.6"
spectral = { version = "0.6", default-features = false }
tempfile = "3.1.0"
testcontainers = "0.8"
